\BOOKMARK [0][-]{chapter.1}{\376\377\0001\000\040\000\315\000n\000d\000i\000c\000e\000\040\000d\000e\000\040\000c\000l\000a\000s\000e\000s}{}% 1
\BOOKMARK [1][-]{section.1.1}{\376\377\0001\000.\0001\000\040\000L\000i\000s\000t\000a\000\040\000d\000e\000\040\000c\000l\000a\000s\000e\000s}{chapter.1}% 2
\BOOKMARK [0][-]{chapter.2}{\376\377\0002\000\040\000\315\000n\000d\000i\000c\000e\000\040\000d\000e\000\040\000a\000r\000c\000h\000i\000v\000o\000s}{}% 3
\BOOKMARK [1][-]{section.2.1}{\376\377\0002\000.\0001\000\040\000L\000i\000s\000t\000a\000\040\000d\000e\000\040\000a\000r\000c\000h\000i\000v\000o\000s}{chapter.2}% 4
\BOOKMARK [0][-]{chapter.3}{\376\377\0003\000\040\000D\000o\000c\000u\000m\000e\000n\000t\000a\000c\000i\000\363\000n\000\040\000d\000e\000\040\000c\000l\000a\000s\000e\000s}{}% 5
\BOOKMARK [1][-]{section.3.1}{\376\377\0003\000.\0001\000\040\000R\000e\000f\000e\000r\000e\000n\000c\000i\000a\000\040\000d\000e\000\040\000l\000a\000\040\000p\000l\000a\000n\000t\000i\000l\000l\000a\000\040\000d\000e\000\040\000l\000a\000\040\000c\000l\000a\000s\000e\000\040\000B\000P\000l\000u\000s\000T\000r\000e\000e\000<\000\040\000T\000\040\000>}{chapter.3}% 6
\BOOKMARK [2][-]{subsection.3.1.1}{\376\377\0003\000.\0001\000.\0001\000\040\000D\000e\000s\000c\000r\000i\000p\000c\000i\000\363\000n\000\040\000d\000e\000t\000a\000l\000l\000a\000d\000a}{section.3.1}% 7
\BOOKMARK [2][-]{subsection.3.1.2}{\376\377\0003\000.\0001\000.\0002\000\040\000D\000o\000c\000u\000m\000e\000n\000t\000a\000c\000i\000\363\000n\000\040\000d\000e\000\040\000c\000o\000n\000s\000t\000r\000u\000c\000t\000o\000r\000e\000s\000\040\000y\000\040\000d\000e\000s\000t\000r\000u\000c\000t\000o\000r\000e\000s}{section.3.1}% 8
\BOOKMARK [3][-]{subsubsection.3.1.2.1}{\376\377\0003\000.\0001\000.\0002\000.\0001\000\040\000B\000P\000l\000u\000s\000T\000r\000e\000e\000\050\000\051}{subsection.3.1.2}% 9
\BOOKMARK [3][-]{subsubsection.3.1.2.2}{\376\377\0003\000.\0001\000.\0002\000.\0002\000\040\000~\000B\000P\000l\000u\000s\000T\000r\000e\000e\000\050\000\051}{subsection.3.1.2}% 10
\BOOKMARK [2][-]{subsection.3.1.3}{\376\377\0003\000.\0001\000.\0003\000\040\000D\000o\000c\000u\000m\000e\000n\000t\000a\000c\000i\000\363\000n\000\040\000d\000e\000\040\000f\000u\000n\000c\000i\000o\000n\000e\000s\000\040\000m\000i\000e\000m\000b\000r\000o}{section.3.1}% 11
\BOOKMARK [3][-]{subsubsection.3.1.3.1}{\376\377\0003\000.\0001\000.\0003\000.\0001\000\040\000\137\000f\000i\000n\000d\000I\000n\000d\000e\000x\000\050\000\051}{subsection.3.1.3}% 12
\BOOKMARK [3][-]{subsubsection.3.1.3.2}{\376\377\0003\000.\0001\000.\0003\000.\0002\000\040\000\137\000f\000i\000n\000d\000K\000e\000y\000\050\000\051}{subsection.3.1.3}% 13
\BOOKMARK [3][-]{subsubsection.3.1.3.3}{\376\377\0003\000.\0001\000.\0003\000.\0003\000\040\000\137\000f\000i\000n\000d\000R\000a\000n\000g\000e\000\050\000\051}{subsection.3.1.3}% 14
\BOOKMARK [3][-]{subsubsection.3.1.3.4}{\376\377\0003\000.\0001\000.\0003\000.\0004\000\040\000\137\000i\000n\000n\000e\000r\000I\000n\000s\000e\000r\000t\000\050\000\051}{subsection.3.1.3}% 15
\BOOKMARK [3][-]{subsubsection.3.1.3.5}{\376\377\0003\000.\0001\000.\0003\000.\0005\000\040\000\137\000i\000n\000s\000e\000r\000t\000I\000n\000C\000h\000i\000l\000d\000\050\000\051}{subsection.3.1.3}% 16
\BOOKMARK [3][-]{subsubsection.3.1.3.6}{\376\377\0003\000.\0001\000.\0003\000.\0006\000\040\000\137\000i\000n\000s\000e\000r\000t\000I\000n\000P\000a\000r\000e\000n\000t\000\050\000\051}{subsection.3.1.3}% 17
\BOOKMARK [3][-]{subsubsection.3.1.3.7}{\376\377\0003\000.\0001\000.\0003\000.\0007\000\040\000\137\000i\000n\000s\000e\000r\000t\000I\000t\000e\000m\000\050\000\051}{subsection.3.1.3}% 18
\BOOKMARK [3][-]{subsubsection.3.1.3.8}{\376\377\0003\000.\0001\000.\0003\000.\0008\000\040\000\137\000p\000r\000i\000n\000t\000\050\000\051}{subsection.3.1.3}% 19
\BOOKMARK [3][-]{subsubsection.3.1.3.9}{\376\377\0003\000.\0001\000.\0003\000.\0009\000\040\000\137\000r\000e\000m\000o\000v\000e\000F\000r\000o\000m\000P\000a\000r\000e\000n\000t\000\050\000\051}{subsection.3.1.3}% 20
\BOOKMARK [3][-]{subsubsection.3.1.3.10}{\376\377\0003\000.\0001\000.\0003\000.\0001\0000\000\040\000c\000l\000e\000a\000r\000\050\000\051}{subsection.3.1.3}% 21
\BOOKMARK [3][-]{subsubsection.3.1.3.11}{\376\377\0003\000.\0001\000.\0003\000.\0001\0001\000\040\000g\000e\000t\000R\000o\000o\000t\000\050\000\051}{subsection.3.1.3}% 22
\BOOKMARK [3][-]{subsubsection.3.1.3.12}{\376\377\0003\000.\0001\000.\0003\000.\0001\0002\000\040\000i\000n\000s\000e\000r\000t\000\050\000\051}{subsection.3.1.3}% 23
\BOOKMARK [3][-]{subsubsection.3.1.3.13}{\376\377\0003\000.\0001\000.\0003\000.\0001\0003\000\040\000r\000e\000m\000o\000v\000e\000\050\000\051}{subsection.3.1.3}% 24
\BOOKMARK [3][-]{subsubsection.3.1.3.14}{\376\377\0003\000.\0001\000.\0003\000.\0001\0004\000\040\000s\000e\000a\000r\000c\000h\000\050\000\051}{subsection.3.1.3}% 25
\BOOKMARK [3][-]{subsubsection.3.1.3.15}{\376\377\0003\000.\0001\000.\0003\000.\0001\0005\000\040\000s\000e\000a\000r\000c\000h\000R\000a\000n\000g\000e\000\050\000\051}{subsection.3.1.3}% 26
\BOOKMARK [1][-]{section.3.2}{\376\377\0003\000.\0002\000\040\000R\000e\000f\000e\000r\000e\000n\000c\000i\000a\000\040\000d\000e\000\040\000l\000a\000\040\000e\000s\000t\000r\000u\000c\000t\000u\000r\000a\000\040\000C\000o\000l\000u\000m\000n}{chapter.3}% 27
\BOOKMARK [2][-]{subsection.3.2.1}{\376\377\0003\000.\0002\000.\0001\000\040\000D\000e\000s\000c\000r\000i\000p\000c\000i\000\363\000n\000\040\000d\000e\000t\000a\000l\000l\000a\000d\000a}{section.3.2}% 28
\BOOKMARK [1][-]{section.3.3}{\376\377\0003\000.\0003\000\040\000R\000e\000f\000e\000r\000e\000n\000c\000i\000a\000\040\000d\000e\000\040\000l\000a\000\040\000p\000l\000a\000n\000t\000i\000l\000l\000a\000\040\000d\000e\000\040\000l\000a\000\040\000c\000l\000a\000s\000e\000\040\000H\000a\000s\000h\000M\000a\000p\000<\000\040\000K\000,\000\040\000V\000\040\000>}{chapter.3}% 29
\BOOKMARK [2][-]{subsection.3.3.1}{\376\377\0003\000.\0003\000.\0001\000\040\000D\000e\000s\000c\000r\000i\000p\000c\000i\000\363\000n\000\040\000d\000e\000t\000a\000l\000l\000a\000d\000a}{section.3.3}% 30
\BOOKMARK [2][-]{subsection.3.3.2}{\376\377\0003\000.\0003\000.\0002\000\040\000D\000o\000c\000u\000m\000e\000n\000t\000a\000c\000i\000\363\000n\000\040\000d\000e\000\040\000c\000o\000n\000s\000t\000r\000u\000c\000t\000o\000r\000e\000s\000\040\000y\000\040\000d\000e\000s\000t\000r\000u\000c\000t\000o\000r\000e\000s}{section.3.3}% 31
\BOOKMARK [3][-]{subsubsection.3.3.2.1}{\376\377\0003\000.\0003\000.\0002\000.\0001\000\040\000H\000a\000s\000h\000M\000a\000p\000\050\000\051}{subsection.3.3.2}% 32
\BOOKMARK [3][-]{subsubsection.3.3.2.2}{\376\377\0003\000.\0003\000.\0002\000.\0002\000\040\000~\000H\000a\000s\000h\000M\000a\000p\000\050\000\051}{subsection.3.3.2}% 33
\BOOKMARK [2][-]{subsection.3.3.3}{\376\377\0003\000.\0003\000.\0003\000\040\000D\000o\000c\000u\000m\000e\000n\000t\000a\000c\000i\000\363\000n\000\040\000d\000e\000\040\000f\000u\000n\000c\000i\000o\000n\000e\000s\000\040\000m\000i\000e\000m\000b\000r\000o}{section.3.3}% 34
\BOOKMARK [3][-]{subsubsection.3.3.3.1}{\376\377\0003\000.\0003\000.\0003\000.\0001\000\040\000\137\000g\000e\000t\000L\000o\000a\000d\000F\000a\000c\000t\000o\000r\000\050\000\051}{subsection.3.3.3}% 35
\BOOKMARK [3][-]{subsubsection.3.3.3.2}{\376\377\0003\000.\0003\000.\0003\000.\0002\000\040\000\137\000g\000e\000t\000P\000o\000w\000s\000\050\000\051}{subsection.3.3.3}% 36
\BOOKMARK [3][-]{subsubsection.3.3.3.3}{\376\377\0003\000.\0003\000.\0003\000.\0003\000\040\000\137\000h\000a\000s\000h\000C\000o\000d\000e\000\050\000\051}{subsection.3.3.3}% 37
\BOOKMARK [3][-]{subsubsection.3.3.3.4}{\376\377\0003\000.\0003\000.\0003\000.\0004\000\040\000\137\000i\000n\000s\000e\000r\000t\000\050\000\051}{subsection.3.3.3}% 38
\BOOKMARK [3][-]{subsubsection.3.3.3.5}{\376\377\0003\000.\0003\000.\0003\000.\0005\000\040\000\137\000t\000o\000S\000t\000r\000i\000n\000g\000G\000e\000n\000e\000r\000i\000c\000\050\000\051}{subsection.3.3.3}% 39
\BOOKMARK [3][-]{subsubsection.3.3.3.6}{\376\377\0003\000.\0003\000.\0003\000.\0006\000\040\000\137\000w\000r\000a\000p\000\050\000\051}{subsection.3.3.3}% 40
\BOOKMARK [3][-]{subsubsection.3.3.3.7}{\376\377\0003\000.\0003\000.\0003\000.\0007\000\040\000c\000o\000n\000t\000a\000i\000n\000s\000K\000e\000y\000\050\000\051}{subsection.3.3.3}% 41
\BOOKMARK [3][-]{subsubsection.3.3.3.8}{\376\377\0003\000.\0003\000.\0003\000.\0008\000\040\000g\000e\000t\000\050\000\051}{subsection.3.3.3}% 42
\BOOKMARK [3][-]{subsubsection.3.3.3.9}{\376\377\0003\000.\0003\000.\0003\000.\0009\000\040\000g\000e\000t\000S\000i\000z\000e\000\050\000\051}{subsection.3.3.3}% 43
\BOOKMARK [3][-]{subsubsection.3.3.3.10}{\376\377\0003\000.\0003\000.\0003\000.\0001\0000\000\040\000i\000n\000s\000e\000r\000t\000\050\000\051}{subsection.3.3.3}% 44
\BOOKMARK [3][-]{subsubsection.3.3.3.11}{\376\377\0003\000.\0003\000.\0003\000.\0001\0001\000\040\000i\000s\000E\000m\000p\000t\000y\000\050\000\051}{subsection.3.3.3}% 45
\BOOKMARK [3][-]{subsubsection.3.3.3.12}{\376\377\0003\000.\0003\000.\0003\000.\0001\0002\000\040\000r\000e\000m\000o\000v\000e\000\050\000\051}{subsection.3.3.3}% 46
\BOOKMARK [3][-]{subsubsection.3.3.3.13}{\376\377\0003\000.\0003\000.\0003\000.\0001\0003\000\040\000t\000o\000L\000i\000s\000t\000\050\000\051}{subsection.3.3.3}% 47
\BOOKMARK [1][-]{section.3.4}{\376\377\0003\000.\0004\000\040\000R\000e\000f\000e\000r\000e\000n\000c\000i\000a\000\040\000d\000e\000\040\000l\000a\000\040\000p\000l\000a\000n\000t\000i\000l\000l\000a\000\040\000d\000e\000\040\000l\000a\000\040\000c\000l\000a\000s\000e\000\040\000H\000a\000s\000h\000N\000o\000d\000e\000<\000\040\000K\000,\000\040\000V\000\040\000>}{chapter.3}% 48
\BOOKMARK [2][-]{subsection.3.4.1}{\376\377\0003\000.\0004\000.\0001\000\040\000D\000e\000s\000c\000r\000i\000p\000c\000i\000\363\000n\000\040\000d\000e\000t\000a\000l\000l\000a\000d\000a}{section.3.4}% 49
\BOOKMARK [2][-]{subsection.3.4.2}{\376\377\0003\000.\0004\000.\0002\000\040\000D\000o\000c\000u\000m\000e\000n\000t\000a\000c\000i\000\363\000n\000\040\000d\000e\000\040\000c\000o\000n\000s\000t\000r\000u\000c\000t\000o\000r\000e\000s\000\040\000y\000\040\000d\000e\000s\000t\000r\000u\000c\000t\000o\000r\000e\000s}{section.3.4}% 50
\BOOKMARK [3][-]{subsubsection.3.4.2.1}{\376\377\0003\000.\0004\000.\0002\000.\0001\000\040\000H\000a\000s\000h\000N\000o\000d\000e\000\050\000\051}{subsection.3.4.2}% 51
\BOOKMARK [1][-]{section.3.5}{\376\377\0003\000.\0005\000\040\000R\000e\000f\000e\000r\000e\000n\000c\000i\000a\000\040\000d\000e\000\040\000l\000a\000\040\000e\000s\000t\000r\000u\000c\000t\000u\000r\000a\000\040\000I\000n\000d\000e\000x\000E\000n\000t\000r\000y}{chapter.3}% 52
\BOOKMARK [2][-]{subsection.3.5.1}{\376\377\0003\000.\0005\000.\0001\000\040\000D\000e\000s\000c\000r\000i\000p\000c\000i\000\363\000n\000\040\000d\000e\000t\000a\000l\000l\000a\000d\000a}{section.3.5}% 53
\BOOKMARK [2][-]{subsection.3.5.2}{\376\377\0003\000.\0005\000.\0002\000\040\000D\000o\000c\000u\000m\000e\000n\000t\000a\000c\000i\000\363\000n\000\040\000d\000e\000\040\000f\000u\000n\000c\000i\000o\000n\000e\000s\000\040\000m\000i\000e\000m\000b\000r\000o}{section.3.5}% 54
\BOOKMARK [3][-]{subsubsection.3.5.2.1}{\376\377\0003\000.\0005\000.\0002\000.\0001\000\040\000o\000p\000e\000r\000a\000t\000o\000r\000<\000\050\000\051}{subsection.3.5.2}% 55
\BOOKMARK [3][-]{subsubsection.3.5.2.2}{\376\377\0003\000.\0005\000.\0002\000.\0002\000\040\000o\000p\000e\000r\000a\000t\000o\000r\000<\000=\000\050\000\051}{subsection.3.5.2}% 56
\BOOKMARK [3][-]{subsubsection.3.5.2.3}{\376\377\0003\000.\0005\000.\0002\000.\0003\000\040\000o\000p\000e\000r\000a\000t\000o\000r\000=\000=\000\050\000\051}{subsection.3.5.2}% 57
\BOOKMARK [3][-]{subsubsection.3.5.2.4}{\376\377\0003\000.\0005\000.\0002\000.\0004\000\040\000o\000p\000e\000r\000a\000t\000o\000r\000>\000\050\000\051}{subsection.3.5.2}% 58
\BOOKMARK [3][-]{subsubsection.3.5.2.5}{\376\377\0003\000.\0005\000.\0002\000.\0005\000\040\000o\000p\000e\000r\000a\000t\000o\000r\000>\000=\000\050\000\051}{subsection.3.5.2}% 59
\BOOKMARK [1][-]{section.3.6}{\376\377\0003\000.\0006\000\040\000R\000e\000f\000e\000r\000e\000n\000c\000i\000a\000\040\000d\000e\000\040\000l\000a\000\040\000c\000l\000a\000s\000e\000\040\000I\000n\000v\000e\000r\000t\000e\000d\000I\000n\000d\000e\000x}{chapter.3}% 60
\BOOKMARK [2][-]{subsection.3.6.1}{\376\377\0003\000.\0006\000.\0001\000\040\000D\000e\000s\000c\000r\000i\000p\000c\000i\000\363\000n\000\040\000d\000e\000t\000a\000l\000l\000a\000d\000a}{section.3.6}% 61
\BOOKMARK [2][-]{subsection.3.6.2}{\376\377\0003\000.\0006\000.\0002\000\040\000D\000o\000c\000u\000m\000e\000n\000t\000a\000c\000i\000\363\000n\000\040\000d\000e\000\040\000c\000o\000n\000s\000t\000r\000u\000c\000t\000o\000r\000e\000s\000\040\000y\000\040\000d\000e\000s\000t\000r\000u\000c\000t\000o\000r\000e\000s}{section.3.6}% 62
\BOOKMARK [3][-]{subsubsection.3.6.2.1}{\376\377\0003\000.\0006\000.\0002\000.\0001\000\040\000I\000n\000v\000e\000r\000t\000e\000d\000I\000n\000d\000e\000x\000\050\000\051}{subsection.3.6.2}% 63
\BOOKMARK [3][-]{subsubsection.3.6.2.2}{\376\377\0003\000.\0006\000.\0002\000.\0002\000\040\000~\000I\000n\000v\000e\000r\000t\000e\000d\000I\000n\000d\000e\000x\000\050\000\051}{subsection.3.6.2}% 64
\BOOKMARK [2][-]{subsection.3.6.3}{\376\377\0003\000.\0006\000.\0003\000\040\000D\000o\000c\000u\000m\000e\000n\000t\000a\000c\000i\000\363\000n\000\040\000d\000e\000\040\000f\000u\000n\000c\000i\000o\000n\000e\000s\000\040\000m\000i\000e\000m\000b\000r\000o}{section.3.6}% 65
\BOOKMARK [3][-]{subsubsection.3.6.3.1}{\376\377\0003\000.\0006\000.\0003\000.\0001\000\040\000a\000d\000d\000\050\000\051}{subsection.3.6.3}% 66
\BOOKMARK [3][-]{subsubsection.3.6.3.2}{\376\377\0003\000.\0006\000.\0003\000.\0002\000\040\000g\000e\000t\000\050\000\051}{subsection.3.6.3}% 67
\BOOKMARK [3][-]{subsubsection.3.6.3.3}{\376\377\0003\000.\0006\000.\0003\000.\0003\000\040\000r\000e\000m\000o\000v\000e\000\050\000\051}{subsection.3.6.3}% 68
\BOOKMARK [1][-]{section.3.7}{\376\377\0003\000.\0007\000\040\000R\000e\000f\000e\000r\000e\000n\000c\000i\000a\000\040\000d\000e\000\040\000l\000a\000\040\000p\000l\000a\000n\000t\000i\000l\000l\000a\000\040\000d\000e\000\040\000l\000a\000\040\000e\000s\000t\000r\000u\000c\000t\000u\000r\000a\000\040\000N\000o\000d\000e\000<\000\040\000T\000\040\000>}{chapter.3}% 69
\BOOKMARK [2][-]{subsection.3.7.1}{\376\377\0003\000.\0007\000.\0001\000\040\000D\000e\000s\000c\000r\000i\000p\000c\000i\000\363\000n\000\040\000d\000e\000t\000a\000l\000l\000a\000d\000a}{section.3.7}% 70
\BOOKMARK [2][-]{subsection.3.7.2}{\376\377\0003\000.\0007\000.\0002\000\040\000D\000o\000c\000u\000m\000e\000n\000t\000a\000c\000i\000\363\000n\000\040\000d\000e\000\040\000c\000o\000n\000s\000t\000r\000u\000c\000t\000o\000r\000e\000s\000\040\000y\000\040\000d\000e\000s\000t\000r\000u\000c\000t\000o\000r\000e\000s}{section.3.7}% 71
\BOOKMARK [3][-]{subsubsection.3.7.2.1}{\376\377\0003\000.\0007\000.\0002\000.\0001\000\040\000N\000o\000d\000e\000\050\000\051}{subsection.3.7.2}% 72
\BOOKMARK [1][-]{section.3.8}{\376\377\0003\000.\0008\000\040\000R\000e\000f\000e\000r\000e\000n\000c\000i\000a\000\040\000d\000e\000\040\000l\000a\000\040\000c\000l\000a\000s\000e\000\040\000T\000a\000b\000l\000e}{chapter.3}% 73
\BOOKMARK [2][-]{subsection.3.8.1}{\376\377\0003\000.\0008\000.\0001\000\040\000D\000e\000s\000c\000r\000i\000p\000c\000i\000\363\000n\000\040\000d\000e\000t\000a\000l\000l\000a\000d\000a}{section.3.8}% 74
\BOOKMARK [2][-]{subsection.3.8.2}{\376\377\0003\000.\0008\000.\0002\000\040\000D\000o\000c\000u\000m\000e\000n\000t\000a\000c\000i\000\363\000n\000\040\000d\000e\000\040\000c\000o\000n\000s\000t\000r\000u\000c\000t\000o\000r\000e\000s\000\040\000y\000\040\000d\000e\000s\000t\000r\000u\000c\000t\000o\000r\000e\000s}{section.3.8}% 75
\BOOKMARK [3][-]{subsubsection.3.8.2.1}{\376\377\0003\000.\0008\000.\0002\000.\0001\000\040\000T\000a\000b\000l\000e\000\050\000\051}{subsection.3.8.2}% 76
\BOOKMARK [3][-]{subsubsection.3.8.2.2}{\376\377\0003\000.\0008\000.\0002\000.\0002\000\040\000~\000T\000a\000b\000l\000e\000\050\000\051}{subsection.3.8.2}% 77
\BOOKMARK [2][-]{subsection.3.8.3}{\376\377\0003\000.\0008\000.\0003\000\040\000D\000o\000c\000u\000m\000e\000n\000t\000a\000c\000i\000\363\000n\000\040\000d\000e\000\040\000f\000u\000n\000c\000i\000o\000n\000e\000s\000\040\000m\000i\000e\000m\000b\000r\000o}{section.3.8}% 78
\BOOKMARK [3][-]{subsubsection.3.8.3.1}{\376\377\0003\000.\0008\000.\0003\000.\0001\000\040\000c\000e\000l\000l\000M\000a\000t\000c\000h\000e\000s\000T\000y\000p\000e\000\050\000\051}{subsection.3.8.3}% 79
\BOOKMARK [3][-]{subsubsection.3.8.3.2}{\376\377\0003\000.\0008\000.\0003\000.\0002\000\040\000c\000o\000l\000u\000m\000n\000I\000n\000d\000e\000x\000\050\000\051}{subsection.3.8.3}% 80
\BOOKMARK [3][-]{subsubsection.3.8.3.3}{\376\377\0003\000.\0008\000.\0003\000.\0003\000\040\000c\000r\000e\000a\000t\000e\000B\000P\000l\000u\000s\000T\000r\000e\000e\000I\000n\000d\000e\000x\000\050\000\051}{subsection.3.8.3}% 81
\BOOKMARK [3][-]{subsubsection.3.8.3.4}{\376\377\0003\000.\0008\000.\0003\000.\0004\000\040\000c\000r\000e\000a\000t\000e\000I\000n\000v\000e\000r\000t\000e\000d\000I\000n\000d\000e\000x\000\050\000\051}{subsection.3.8.3}% 82
\BOOKMARK [3][-]{subsubsection.3.8.3.5}{\376\377\0003\000.\0008\000.\0003\000.\0005\000\040\000d\000a\000t\000a\000T\000y\000p\000e\000T\000o\000S\000t\000r\000i\000n\000g\000\050\000\051}{subsection.3.8.3}% 83
\BOOKMARK [3][-]{subsubsection.3.8.3.6}{\376\377\0003\000.\0008\000.\0003\000.\0006\000\040\000g\000e\000t\000C\000e\000l\000l\000\050\000\051}{subsection.3.8.3}% 84
\BOOKMARK [3][-]{subsubsection.3.8.3.7}{\376\377\0003\000.\0008\000.\0003\000.\0007\000\040\000i\000n\000s\000e\000r\000t\000R\000o\000w\000\050\000\051}{subsection.3.8.3}% 85
\BOOKMARK [3][-]{subsubsection.3.8.3.8}{\376\377\0003\000.\0008\000.\0003\000.\0008\000\040\000s\000e\000a\000r\000c\000h\000B\000y\000I\000n\000d\000e\000x\000\050\000\051}{subsection.3.8.3}% 86
\BOOKMARK [0][-]{chapter.4}{\376\377\0004\000\040\000D\000o\000c\000u\000m\000e\000n\000t\000a\000c\000i\000\363\000n\000\040\000d\000e\000\040\000a\000r\000c\000h\000i\000v\000o\000s}{}% 87
\BOOKMARK [1][-]{section.4.1}{\376\377\0004\000.\0001\000\040\000R\000e\000f\000e\000r\000e\000n\000c\000i\000a\000\040\000d\000e\000l\000\040\000a\000r\000c\000h\000i\000v\000o\000\040\000s\000r\000c\000/\000s\000t\000r\000u\000c\000t\000u\000r\000e\000s\000/\000B\000P\000l\000u\000s\000T\000r\000e\000e\000.\000h\000p\000p}{chapter.4}% 88
\BOOKMARK [2][-]{subsection.4.1.1}{\376\377\0004\000.\0001\000.\0001\000\040\000D\000e\000s\000c\000r\000i\000p\000c\000i\000\363\000n\000\040\000d\000e\000t\000a\000l\000l\000a\000d\000a}{section.4.1}% 89
\BOOKMARK [1][-]{section.4.2}{\376\377\0004\000.\0002\000\040\000B\000P\000l\000u\000s\000T\000r\000e\000e\000.\000h\000p\000p}{chapter.4}% 90
\BOOKMARK [1][-]{section.4.3}{\376\377\0004\000.\0003\000\040\000R\000e\000f\000e\000r\000e\000n\000c\000i\000a\000\040\000d\000e\000l\000\040\000a\000r\000c\000h\000i\000v\000o\000\040\000s\000r\000c\000/\000s\000t\000r\000u\000c\000t\000u\000r\000e\000s\000/\000H\000a\000s\000h\000M\000a\000p\000.\000h\000p\000p}{chapter.4}% 91
\BOOKMARK [2][-]{subsection.4.3.1}{\376\377\0004\000.\0003\000.\0001\000\040\000D\000e\000s\000c\000r\000i\000p\000c\000i\000\363\000n\000\040\000d\000e\000t\000a\000l\000l\000a\000d\000a}{section.4.3}% 92
\BOOKMARK [1][-]{section.4.4}{\376\377\0004\000.\0004\000\040\000H\000a\000s\000h\000M\000a\000p\000.\000h\000p\000p}{chapter.4}% 93
\BOOKMARK [1][-]{section.4.5}{\376\377\0004\000.\0005\000\040\000I\000n\000v\000e\000r\000t\000e\000d\000I\000n\000d\000e\000x\000.\000c\000p\000p}{chapter.4}% 94
\BOOKMARK [1][-]{section.4.6}{\376\377\0004\000.\0006\000\040\000R\000e\000f\000e\000r\000e\000n\000c\000i\000a\000\040\000d\000e\000l\000\040\000a\000r\000c\000h\000i\000v\000o\000\040\000s\000r\000c\000/\000s\000t\000r\000u\000c\000t\000u\000r\000e\000s\000/\000I\000n\000v\000e\000r\000t\000e\000d\000I\000n\000d\000e\000x\000.\000h\000p\000p}{chapter.4}% 95
\BOOKMARK [2][-]{subsection.4.6.1}{\376\377\0004\000.\0006\000.\0001\000\040\000D\000e\000s\000c\000r\000i\000p\000c\000i\000\363\000n\000\040\000d\000e\000t\000a\000l\000l\000a\000d\000a}{section.4.6}% 96
\BOOKMARK [1][-]{section.4.7}{\376\377\0004\000.\0007\000\040\000I\000n\000v\000e\000r\000t\000e\000d\000I\000n\000d\000e\000x\000.\000h\000p\000p}{chapter.4}% 97
\BOOKMARK [1][-]{section.4.8}{\376\377\0004\000.\0008\000\040\000R\000e\000f\000e\000r\000e\000n\000c\000i\000a\000\040\000d\000e\000l\000\040\000a\000r\000c\000h\000i\000v\000o\000\040\000s\000r\000c\000/\000s\000y\000s\000t\000e\000m\000/\000I\000n\000d\000e\000x\000E\000n\000t\000r\000y\000.\000h\000p\000p}{chapter.4}% 98
\BOOKMARK [2][-]{subsection.4.8.1}{\376\377\0004\000.\0008\000.\0001\000\040\000D\000e\000s\000c\000r\000i\000p\000c\000i\000\363\000n\000\040\000d\000e\000t\000a\000l\000l\000a\000d\000a}{section.4.8}% 99
\BOOKMARK [1][-]{section.4.9}{\376\377\0004\000.\0009\000\040\000I\000n\000d\000e\000x\000E\000n\000t\000r\000y\000.\000h\000p\000p}{chapter.4}% 100
\BOOKMARK [1][-]{section.4.10}{\376\377\0004\000.\0001\0000\000\040\000R\000e\000f\000e\000r\000e\000n\000c\000i\000a\000\040\000d\000e\000l\000\040\000a\000r\000c\000h\000i\000v\000o\000\040\000s\000r\000c\000/\000s\000y\000s\000t\000e\000m\000/\000T\000a\000b\000l\000e\000.\000c\000p\000p}{chapter.4}% 101
\BOOKMARK [2][-]{subsection.4.10.1}{\376\377\0004\000.\0001\0000\000.\0001\000\040\000D\000e\000s\000c\000r\000i\000p\000c\000i\000\363\000n\000\040\000d\000e\000t\000a\000l\000l\000a\000d\000a}{section.4.10}% 102
\BOOKMARK [1][-]{section.4.11}{\376\377\0004\000.\0001\0001\000\040\000T\000a\000b\000l\000e\000.\000c\000p\000p}{chapter.4}% 103
\BOOKMARK [1][-]{section.4.12}{\376\377\0004\000.\0001\0002\000\040\000R\000e\000f\000e\000r\000e\000n\000c\000i\000a\000\040\000d\000e\000l\000\040\000a\000r\000c\000h\000i\000v\000o\000\040\000s\000r\000c\000/\000s\000y\000s\000t\000e\000m\000/\000T\000a\000b\000l\000e\000.\000h\000p\000p}{chapter.4}% 104
\BOOKMARK [2][-]{subsection.4.12.1}{\376\377\0004\000.\0001\0002\000.\0001\000\040\000D\000e\000s\000c\000r\000i\000p\000c\000i\000\363\000n\000\040\000d\000e\000t\000a\000l\000l\000a\000d\000a}{section.4.12}% 105
\BOOKMARK [1][-]{section.4.13}{\376\377\0004\000.\0001\0003\000\040\000T\000a\000b\000l\000e\000.\000h\000p\000p}{chapter.4}% 106
\BOOKMARK [0][-]{section*.30}{\376\377\000\315\000n\000d\000i\000c\000e\000\040\000a\000l\000f\000a\000b\000\351\000t\000i\000c\000o}{}% 107
